[aluno.usjt.br/SOL/aluno/index.php/index/seguranca/dev/instituicao/8.html]
[backblue.gif]
[fade.gif]
[index.html]
[aluno.usjt.br/phpxml/classes/dev.framework/dev/default/dev.rsc/css/SOL/ulife/login36ec.css]
[aluno.usjt.br/phpxml/classes/dev.framework/dev/default/dev.rsc/css/SOL/ulife/jquery-ui-1.9.2.custom.min36ec.css]
[aluno.usjt.br/phpxml/classes/dev.framework/dev/default/dev.rsc/js/modernizr-2.5.3c561.js]
[aluno.usjt.br/phpxml/classes/dev.framework/dev/default/dev.rsc/js/jquery-1.8.2.minc561.js]
[aluno.usjt.br/phpxml/classes/dev.framework/dev/default/dev.rsc/js/jquery-ui-1.9.2.minc561.js]
[aluno.usjt.br/phpxml/classes/dev.framework/dev/default/dev.rsc/js/jquery-tmpl.minc561.js]
[aluno.usjt.br/phpxml/classes/dev.framework/dev/default/dev.rsc/js/pluginsc561.js]
[aluno.usjt.br/phpxml/classes/dev.framework/dev/default/dev.rsc/js/functionsc561.js]
[aluno.usjt.br/phpxml/classes/dev.framework/dev/default/dev.rsc/js/jquery-actionc561.js]
[aluno.usjt.br/phpxml/classes/dev.framework/dev/default/dev.rsc/js/jquery-devc561.js]
[aluno.usjt.br/phpxml/classes/dev.framework/dev/default/dev.rsc/js/utilc561.js]
[aluno.usjt.br/SOL/aluno/dev.rsc/js/actionc561.js]
[aluno.usjt.br/SOL/aluno/index.php/index/seguranca/dev/instituicao/8.html]
[aluno.usjt.br/SOL/aluno/dev.rsc/js/index/actionc561.js]
[aluno.usjt.br/phpxml/classes/dev.framework/dev/default/dev.rsc/css/SOL/ulife/logoCircle.svg]
[aluno.usjt.br/phpxml/classes/dev.framework/dev/default/dev.rsc/css/SOL/ulife/logoCircleUnibh.svg]
[aluno.usjt.br/phpxml/classes/dev.framework/dev/default/dev.rsc/css/SOL/ulife/logoCircleUna.svg]
[aluno.usjt.br/phpxml/classes/dev.framework/dev/default/dev.rsc/css/SOL/ulife/logoCircleSaoJudas.svg]
[aluno.usjt.br/phpxml/classes/dev.framework/dev/default/dev.rsc/css/SOL/ulife/logoCircleUnisociesc.svg]
[aluno.usjt.br/phpxml/classes/dev.framework/dev/default/dev.rsc/css/SOL/ulife/logoCircleFaseh.svg]
[aluno.usjt.br/phpxml/classes/dev.framework/dev/default/dev.rsc/css/SOL/ulife/logoCircleAges.svg]
[aluno.usjt.br/phpxml/classes/dev.framework/dev/default/dev.rsc/css/SOL/ulife/logoCircleUnisul.svg]
[aluno.usjt.br/phpxml/classes/dev.framework/dev/default/dev.rsc/css/SOL/ulife/logoCircleFadergs.svg]
[aluno.usjt.br/phpxml/classes/dev.framework/dev/default/dev.rsc/css/SOL/ulife/logoCircleIbmr.svg]
[aluno.usjt.br/phpxml/classes/dev.framework/dev/default/dev.rsc/css/SOL/ulife/logoCircleUnifacs.svg]
[aluno.usjt.br/phpxml/classes/dev.framework/dev/default/dev.rsc/css/SOL/ulife/logoCircleUniritter.svg]
[aluno.usjt.br/phpxml/classes/dev.framework/dev/default/dev.rsc/css/SOL/ulife/logoCircleUnp.svg]
[aluno.usjt.br/phpxml/classes/dev.framework/dev/default/dev.rsc/css/SOL/ulife/logoCircleAnhembimorumbi.svg]
[aluno.usjt.br/phpxml/classes/dev.framework/dev/default/dev.rsc/css/SOL/ulife/logoCircleMiltoncampos.svg]
[aluno.usjt.br/phpxml/classes/dev.framework/dev/default/dev.rsc/css/SOL/ulife/logoCircleFbp.svg]
[aluno.usjt.br/phpxml/classes/dev.framework/dev/default/dev.rsc/css/SOL/ulife/logoCircleUnifg.svg]
[aluno.usjt.br/phpxml/classes/dev.framework/dev/default/dev.rsc/css/SOL/ulife/whiteCircle.svg]
[aluno.usjt.br/phpxml/classes/dev.framework/dev/default/dev.rsc/css/SOL/ulife/loading.svg]
[aluno.usjt.br/phpxml/classes/dev.framework/dev/default/dev.rsc/css/SOL/ulife/Airplane.svg]
[aluno.usjt.br/phpxml/classes/dev.framework/dev/default/dev.rsc/css/SOL/ulife/Rematricula.svg]
[aluno.usjt.br/phpxml/classes/dev.framework/dev/default/dev.rsc/css/SOL/ulife/Notas.svg]
[aluno.usjt.br/phpxml/classes/dev.framework/dev/default/dev.rsc/css/SOL/ulife/Boleto.svg]
[aluno.usjt.br/phpxml/classes/dev.framework/dev/default/dev.rsc/css/SOL/ulife/Education.svg]
[aluno.usjt.br/phpxml/classes/dev.framework/dev/default/dev.rsc/css/SOL/ulife/Carreira.svg]
[aluno.usjt.br/phpxml/classes/dev.framework/dev/default/dev.rsc/css/SOL/ulife/login36ec.css]
[aluno.usjt.br/phpxml/classes/dev.framework/dev/default/dev.rsc/css/SOL/ulife/Biblioteca.svg]
[aluno.usjt.br/phpxml/classes/dev.framework/dev/default/dev.rsc/css/SOL/ulife/images/ui-bg_flat_55_fbf9ee_40x100.png]
[aluno.usjt.br/phpxml/classes/dev.framework/dev/default/dev.rsc/css/SOL/ulife/images/ui-icons_000000_256x240.png]
[aluno.usjt.br/phpxml/classes/dev.framework/dev/default/dev.rsc/css/SOL/ulife/images/ui-icons_ffffff_256x240.png]
[aluno.usjt.br/phpxml/classes/dev.framework/dev/default/dev.rsc/css/SOL/ulife/images/ui-icons_2e83ff_256x240.png]
[aluno.usjt.br/phpxml/classes/dev.framework/dev/default/dev.rsc/css/SOL/ulife/images/ui-icons_cd0a0a_256x240.png]
[aluno.usjt.br/phpxml/classes/dev.framework/dev/default/dev.rsc/css/SOL/ulife/images/ui-bg_flat_0_74848a_40x100.png]
[aluno.usjt.br/phpxml/classes/dev.framework/dev/default/dev.rsc/css/SOL/ulife/jquery-ui-1.9.2.custom.min36ec.css]
[aluno.usjt.br/phpxml/classes/dev.framework/dev/default/dev.rsc/css/SOL/ulife/logoCircle.svg]
[aluno.usjt.br/phpxml/classes/dev.framework/dev/default/dev.rsc/css/SOL/ulife/logoCircleUnibh.svg]
[aluno.usjt.br/phpxml/classes/dev.framework/dev/default/dev.rsc/css/SOL/ulife/logoCircleUna.svg]
[aluno.usjt.br/phpxml/classes/dev.framework/dev/default/dev.rsc/css/SOL/ulife/logoCircleSaoJudas.svg]
[aluno.usjt.br/phpxml/classes/dev.framework/dev/default/dev.rsc/css/SOL/ulife/logoCircleUnisociesc.svg]
[aluno.usjt.br/phpxml/classes/dev.framework/dev/default/dev.rsc/css/SOL/ulife/logoCircleFaseh.svg]
[aluno.usjt.br/phpxml/classes/dev.framework/dev/default/dev.rsc/css/SOL/ulife/logoCircleAges.svg]
[aluno.usjt.br/phpxml/classes/dev.framework/dev/default/dev.rsc/css/SOL/ulife/logoCircleUnisul.svg]
[aluno.usjt.br/phpxml/classes/dev.framework/dev/default/dev.rsc/css/SOL/ulife/logoCircleFadergs.svg]
[aluno.usjt.br/phpxml/classes/dev.framework/dev/default/dev.rsc/css/SOL/ulife/logoCircleIbmr.svg]
[aluno.usjt.br/phpxml/classes/dev.framework/dev/default/dev.rsc/css/SOL/ulife/logoCircleUnifacs.svg]
[aluno.usjt.br/phpxml/classes/dev.framework/dev/default/dev.rsc/css/SOL/ulife/logoCircleUniritter.svg]
[aluno.usjt.br/phpxml/classes/dev.framework/dev/default/dev.rsc/css/SOL/ulife/logoCircleUnp.svg]
[aluno.usjt.br/phpxml/classes/dev.framework/dev/default/dev.rsc/css/SOL/ulife/logoCircleAnhembimorumbi.svg]
[aluno.usjt.br/phpxml/classes/dev.framework/dev/default/dev.rsc/css/SOL/ulife/logoCircleMiltoncampos.svg]
[aluno.usjt.br/phpxml/classes/dev.framework/dev/default/dev.rsc/css/SOL/ulife/logoCircleFbp.svg]
[aluno.usjt.br/phpxml/classes/dev.framework/dev/default/dev.rsc/css/SOL/ulife/logoCircleUnifg.svg]
[aluno.usjt.br/phpxml/classes/dev.framework/dev/default/dev.rsc/css/SOL/ulife/whiteCircle.svg]
[aluno.usjt.br/phpxml/classes/dev.framework/dev/default/dev.rsc/css/SOL/ulife/loading.svg]
[aluno.usjt.br/phpxml/classes/dev.framework/dev/default/dev.rsc/css/SOL/ulife/Airplane.svg]
[aluno.usjt.br/phpxml/classes/dev.framework/dev/default/dev.rsc/css/SOL/ulife/Rematricula.svg]
[aluno.usjt.br/phpxml/classes/dev.framework/dev/default/dev.rsc/css/SOL/ulife/Notas.svg]
[aluno.usjt.br/phpxml/classes/dev.framework/dev/default/dev.rsc/css/SOL/ulife/Boleto.svg]
[aluno.usjt.br/phpxml/classes/dev.framework/dev/default/dev.rsc/css/SOL/ulife/Education.svg]
[aluno.usjt.br/phpxml/classes/dev.framework/dev/default/dev.rsc/css/SOL/ulife/Carreira.svg]
[aluno.usjt.br/phpxml/classes/dev.framework/dev/default/dev.rsc/css/SOL/ulife/Biblioteca.svg]
